// Jest Snapshot v1, https://goo.gl/fbAQLP

exports[`Transaction List should match snapshot 1`] = `
<RCTScrollView
  contentContainerStyle={
    Object {
      "paddingBottom": 20,
    }
  }
  data={
    Array [
      Object {
        "accountNumber": "8379706095",
        "amount": 2629107,
        "beneficiaryBank": "bca",
        "beneficiaryName": "Sammy-Jo Mccall",
        "completedAt": "2021-09-02 20:49:49",
        "createdAt": "2021-09-02 20:49:49",
        "id": "FT2366",
        "remark": "sample remark",
        "senderBank": "bni",
        "status": "SUCCESS",
        "uniqueCode": 726,
      },
      Object {
        "accountNumber": "581822166",
        "amount": 2847587,
        "beneficiaryBank": "btpn",
        "beneficiaryName": "Rhiannan Simmons",
        "completedAt": "2021-09-02 20:49:49",
        "createdAt": "2021-08-26 11:49:49",
        "id": "FT41413",
        "remark": "sample remark",
        "senderBank": "bni",
        "status": "PENDING",
        "uniqueCode": 651,
      },
    ]
  }
  getItem={[Function]}
  getItemCount={[Function]}
  keyExtractor={[Function]}
  onContentSizeChange={[Function]}
  onLayout={[Function]}
  onMomentumScrollBegin={[Function]}
  onMomentumScrollEnd={[Function]}
  onScroll={[Function]}
  onScrollBeginDrag={[Function]}
  onScrollEndDrag={[Function]}
  removeClippedSubviews={false}
  renderItem={[Function]}
  scrollEventThrottle={50}
  stickyHeaderIndices={Array []}
  style={
    Object {
      "marginLeft": 10,
      "marginRight": 10,
    }
  }
  viewabilityConfigCallbackPairs={Array []}
>
  <View>
    <View
      onLayout={[Function]}
      style={null}
    >
      <View
        accessible={true}
        collapsable={false}
        focusable={true}
        onBlur={[Function]}
        onClick={[Function]}
        onFocus={[Function]}
        onResponderGrant={[Function]}
        onResponderMove={[Function]}
        onResponderRelease={[Function]}
        onResponderTerminate={[Function]}
        onResponderTerminationRequest={[Function]}
        onStartShouldSetResponder={[Function]}
        style={
          Object {
            "flexDirection": "row",
            "marginTop": 10,
          }
        }
        testID="transaction-item"
      >
        <View
          style={
            Array [
              Object {
                "borderBottomLeftRadius": 10,
                "borderTopLeftRadius": 10,
                "flex": 0.02,
              },
              Object {
                "backgroundColor": "#00AF33",
              },
            ]
          }
          testID="sidebar"
        />
        <View
          style={
            Object {
              "backgroundColor": "white",
              "borderBottomRightRadius": 5,
              "borderTopRightRadius": 5,
              "flex": 1,
              "flexDirection": "row",
              "padding": 10,
            }
          }
        >
          <View
            style={
              Object {
                "flex": 1,
              }
            }
          >
            <Text
              style={
                Object {
                  "fontSize": 20,
                  "fontWeight": "bold",
                }
              }
            >
              bni -&gt; bca
            </Text>
            <Text
              style={
                Object {
                  "fontSize": 16,
                  "fontWeight": "bold",
                }
              }
            >
              Sammy-Jo Mccall
            </Text>
            <Text
              style={
                Object {
                  "fontSize": 16,
                  "fontWeight": "bold",
                }
              }
            >
              Rp.2629107 . 2021-09-02 20:49:49
            </Text>
          </View>
          <View
            accessible={true}
            collapsable={false}
            focusable={true}
            onBlur={[Function]}
            onClick={[Function]}
            onFocus={[Function]}
            onResponderGrant={[Function]}
            onResponderMove={[Function]}
            onResponderRelease={[Function]}
            onResponderTerminate={[Function]}
            onResponderTerminationRequest={[Function]}
            onStartShouldSetResponder={[Function]}
            style={
              Object {
                "justifyContent": "center",
              }
            }
            testID="success-button"
            title="Berhasil"
          >
            <Text
              style={
                Object {
                  "backgroundColor": "#00AF33",
                  "borderRadius": 10,
                  "color": "#FFFFFF",
                  "fontSize": 16,
                  "fontWeight": "bold",
                  "margin": 5,
                  "padding": 10,
                  "textAlignVertical": "center",
                }
              }
            >
              Berhasil
            </Text>
          </View>
        </View>
      </View>
    </View>
    <View
      onLayout={[Function]}
      style={null}
    >
      <View
        accessible={true}
        collapsable={false}
        focusable={true}
        onBlur={[Function]}
        onClick={[Function]}
        onFocus={[Function]}
        onResponderGrant={[Function]}
        onResponderMove={[Function]}
        onResponderRelease={[Function]}
        onResponderTerminate={[Function]}
        onResponderTerminationRequest={[Function]}
        onStartShouldSetResponder={[Function]}
        style={
          Object {
            "flexDirection": "row",
            "marginTop": 10,
          }
        }
        testID="transaction-item"
      >
        <View
          style={
            Array [
              Object {
                "borderBottomLeftRadius": 10,
                "borderTopLeftRadius": 10,
                "flex": 0.02,
              },
              Object {
                "backgroundColor": "#FF6347",
              },
            ]
          }
          testID="sidebar"
        />
        <View
          style={
            Object {
              "backgroundColor": "white",
              "borderBottomRightRadius": 5,
              "borderTopRightRadius": 5,
              "flex": 1,
              "flexDirection": "row",
              "padding": 10,
            }
          }
        >
          <View
            style={
              Object {
                "flex": 1,
              }
            }
          >
            <Text
              style={
                Object {
                  "fontSize": 20,
                  "fontWeight": "bold",
                }
              }
            >
              bni -&gt; btpn
            </Text>
            <Text
              style={
                Object {
                  "fontSize": 16,
                  "fontWeight": "bold",
                }
              }
            >
              Rhiannan Simmons
            </Text>
            <Text
              style={
                Object {
                  "fontSize": 16,
                  "fontWeight": "bold",
                }
              }
            >
              Rp.2847587 . 2021-08-26 11:49:49
            </Text>
          </View>
          <View
            accessible={true}
            collapsable={false}
            focusable={true}
            onBlur={[Function]}
            onClick={[Function]}
            onFocus={[Function]}
            onResponderGrant={[Function]}
            onResponderMove={[Function]}
            onResponderRelease={[Function]}
            onResponderTerminate={[Function]}
            onResponderTerminationRequest={[Function]}
            onStartShouldSetResponder={[Function]}
            style={
              Object {
                "justifyContent": "center",
              }
            }
            testID="pending-button"
            title="Pengecekan"
          >
            <Text
              style={
                Object {
                  "backgroundColor": "#FFFFFF",
                  "borderColor": "#FF6347",
                  "borderRadius": 10,
                  "borderWidth": 2,
                  "color": "#000000",
                  "fontSize": 16,
                  "fontWeight": "bold",
                  "margin": 5,
                  "padding": 10,
                  "textAlignVertical": "center",
                }
              }
            >
              Pengecekan
            </Text>
          </View>
        </View>
      </View>
    </View>
  </View>
</RCTScrollView>
`;
