// Jest Snapshot v1, https://goo.gl/fbAQLP

exports[`Success Button should match snapshot 1`] = `
<View
  accessible={true}
  collapsable={false}
  focusable={true}
  onBlur={[Function]}
  onClick={[Function]}
  onFocus={[Function]}
  onResponderGrant={[Function]}
  onResponderMove={[Function]}
  onResponderRelease={[Function]}
  onResponderTerminate={[Function]}
  onResponderTerminationRequest={[Function]}
  onStartShouldSetResponder={[Function]}
  style={
    Object {
      "justifyContent": "center",
    }
  }
  title="title"
>
  <Text
    style={
      Object {
        "backgroundColor": "#00AF33",
        "borderRadius": 10,
        "color": "#FFFFFF",
        "fontSize": 15,
        "fontWeight": "bold",
        "margin": 5,
        "padding": 10,
        "textAlignVertical": "center",
      }
    }
  >
    title
  </Text>
</View>
`;
